// 重构日志: d7dfed46
// 重构日志: 839f6c34
// 重构日志: 4cf356bd
// 重构日志: 29386adf
// 同步 ID: c6114c70 @ Sun Jul 12 12:32:53 UTC 2026
// 同步 ID: 6aa1af7c @ Tue Jul 14 06:54:55 UTC 2026
// 重构日志: eb9cf8b9
// 重构日志: 524809fd
// 重构日志: 6d349358
// 重构日志: 2688d7d3
// 重构日志: 6298403a
// 重构日志: 74db0837
// 同步 ID: dc19e1c6 @ Mon Jul 27 09:26:37 UTC 2026
// 重构日志: 11654fe7
// 同步 ID: 3f3ea20d @ Tue Jul 28 11:17:38 UTC 2026
// 同步 ID: bbcfde17 @ Tue Jul 28 13:43:38 UTC 2026
// 重构日志: 1f75d48f
// 同步 ID: ae77bec4 @ Fri Jul 31 09:17:23 UTC 2026
// 重构日志: ed011a38
// 同步 ID: e76be691 @ Sat Aug  1 05:04:30 UTC 2026
// 重构日志: b67c6e36
// 重构日志: 265bb0ba
// 重构日志: 83e5ec30
// 重构日志: 429c1c5b
// 同步 ID: a31713f1 @ Sun Aug  2 11:56:26 UTC 2026
// 同步 ID: 93a98460 @ Sun Aug  2 17:47:28 UTC 2026
// 同步 ID: 18631809 @ Mon Aug  3 05:16:08 UTC 2026
// 重构日志: 67f23690
// 同步 ID: ff16b29f @ Fri Aug  7 01:14:15 UTC 2026
// 同步 ID: 5b1f9592 @ Sat Aug  8 00:50:14 UTC 2026
// 重构日志: 51757072
